// Jest Snapshot v1, https://goo.gl/fbAQLP

exports[`Schedule wrapper component should defer to prop 1`] = `
<div
  className="class continues-next-day"
  style={
    Object {
      "backgroundColor": "transparent",
      "border": "none",
      "color": "red",
      "height": "67%",
      "top": "33%",
      "xOffset": 0,
    }
  }
>
  <Popover
    appendTo={[Function]}
    aria-label=""
    bodyContent="Body"
    boundary="window"
    className=""
    closeBtnAriaLabel="Close"
    distance={25}
    enableFlip={true}
    flipBehavior={
      Array [
        "top",
        "right",
        "bottom",
        "left",
        "top",
        "right",
        "bottom",
      ]
    }
    footerContent={null}
    headerContent="Title"
    hideOnOutsideClick={true}
    isVisible={null}
    maxWidth="calc(2rem + 18.75rem)"
    onHidden={[Function]}
    onHide={[Function]}
    onMount={[Function]}
    onShow={[Function]}
    onShown={[Function]}
    position="right"
    shouldClose={[Function]}
    zIndex={9999}
  >
    <div />
  </Popover>
</div>
`;
