// Jest Snapshot v1, https://goo.gl/fbAQLP

exports[`EditableComponent component should render editor when editing 1`] = `
<div>
  Editor
</div>
`;

exports[`EditableComponent component should render viewer when not editing 1`] = `
<span>
  Viewer
</span>
`;
