// Jest Snapshot v1, https://goo.gl/fbAQLP

exports[`Filter component should render correctly with no text 1`] = `
<div
  className="search-icons"
>
  <TextInput
    aria-label="Search"
    className=""
    isDisabled={false}
    isReadOnly={false}
    isRequired={false}
    isValid={true}
    onChange={[MockFunction]}
    placeholder="Trans(i18nKey=search)"
    type="text"
    value=""
  />
</div>
`;

exports[`Filter component should render correctly with text 1`] = `
<div
  className="search-icons"
>
  <TextInput
    aria-label="Search"
    className=""
    isDisabled={false}
    isReadOnly={false}
    isRequired={false}
    isValid={true}
    onChange={[MockFunction]}
    placeholder="Trans(i18nKey=search)"
    type="text"
    value="Test"
  />
  <Button
    onClick={[Function]}
    variant="plain"
  >
    <svg
      aria-hidden="true"
      fill="currentColor"
      height="1em"
      role="img"
      style={
        Object {
          "verticalAlign": "-0.125em",
        }
      }
      viewBox="0 0 512 512"
      width="1em"
    >
      <path
        d="M256 8C119 8 8 119 8 256s111 248 248 248 248-111 248-248S393 8 256 8zm121.6 313.1c4.7 4.7 4.7 12.3 0 17L338 377.6c-4.7 4.7-12.3 4.7-17 0L256 312l-65.1 65.6c-4.7 4.7-12.3 4.7-17 0L134.4 338c-4.7-4.7-4.7-12.3 0-17l65.6-65-65.6-65.1c-4.7-4.7-4.7-12.3 0-17l39.6-39.6c4.7-4.7 12.3-4.7 17 0l65 65.7 65.1-65.6c4.7-4.7 12.3-4.7 17 0l39.6 39.6c4.7 4.7 4.7 12.3 0 17L312 256l65.6 65.1z"
        transform=""
      />
    </svg>
  </Button>
</div>
`;
